[1/165]
    ADNH Q420: 2021-03-26 8-K/A nt10020125x6_ex99-2.htm  (no prior-year comparison -- verify)
    ADNH Q121: 2021-05-20 8-K brhc10024900_ex99-1.htm
    ADNH Q221: 2021-08-12 8-K brhc10027862_ex99-1.htm
    ADNH Q321: 2021-11-15 8-K brhc10030781_ex99-1.htm
    ADNH Q421: 2022-03-28 8-K brhc10035688_ex99-1.htm
    ADNH Q122: 2022-05-12 8-K brhc10037500_ex99-1.htm
    ADNH Q222: 2022-08-09 8-K adventtech_ex99-1.htm
    ADNH Q322: 2022-11-14 8-K adventtech_ex99-1.htm
    ADNH Q422: 2023-03-31 8-K adventtechnologies_ex99-1.htm
    ADNH Q123: 2023-05-15 8-K adventtechnologies_ex99-1.htm
    ADNH Q223: 2023-08-11 8-K adventtechnologies_99-1.htm
    ADNH Q323: 2023-11-14 8-K adventtechno_ex99-1.htm
    ADNH Q423: 2024-04-23 8-K adventtech_ex99-1.htm  (no prior-year comparison -- verify)
  ADNH (ADVENT TECHNOLOGIES HOLDINGS, INC.): 13 link(s) written
[2/165]
  AEP (AMERICAN ELECTRIC POWER CO INC): 0 link(s) written
[3/165]
    AES Q120: 2020-05-07 8-K q12020earningsreleasee.htm
    AES Q220: 2020-08-06 8-K q22020earningsreleasee.htm
    AES Q320: 2020-11-06 8-K q32020earningsreleasee.htm
    AES Q420: 2021-02-25 8-K q42020earningsreleaseexs.htm
    AES Q121: 2021-05-06 8-K q12021earningsreleaseexs.htm
    AES Q221: 2021-08-05 8-K q22021earningsreleaseexs.htm
    AES Q321: 2021-11-03 8-K q32021earningsreleaseexs.htm
    AES Q421: 2022-02-24 8-K q42021earningsreleaseexs.htm
    AES Q122: 2022-05-05 8-K q12022earningsreleaseexs.htm
    AES Q222: 2022-08-05 8-K q22022earningsreleaseexs.htm
    AES Q322: 2022-11-04 8-K q32022earningsreleaseexs.htm
    AES Q422: 2023-02-27 8-K q42022earningsreleaseexs.htm
    AES Q123: 2023-05-04 8-K q12023earningsreleaseexs.htm
    AES Q223: 2023-08-03 8-K q22023earningsreleaseexs.htm
    AES Q323: 2023-11-02 8-K q32023earningsreleaseexs.htm
    AES Q423: 2024-02-26 8-K q42023earningsreleaseexs.htm
    AES Q124: 2024-05-02 8-K q12024earningsreleaseexs.htm
    AES Q224: 2024-08-01 8-K q22024earningsreleaseexs.htm
    AES Q324: 2024-10-31 8-K q32024earningsreleaseexs.htm
    AES Q424: 2025-02-28 8-K q42024earningsreleaseexs.htm
    AES Q125: 2025-05-01 8-K q12025earningsreleaseexs.htm
    AES Q225: 2025-08-01 8-K q22025earningsreleaseexs.htm
    AES Q325: 2025-11-04 8-K q32025earningsreleaseexs.htm
  AES (AES CORP): 23 link(s) written
[4/165]
  ALNT (ALLIENT INC): 0 link(s) written
[5/165]
    AME Q120: 2020-05-05 8-K d925274dex991.htm
    AME Q220: 2020-08-04 8-K ametek8kexhibit9918-4x.htm
    AME Q320: 2020-10-29 8-K ametek8kexhibit99110-2.htm
    AME Q420: 2021-02-04 8-K ametek8kexhibit9912-4x21.htm
    AME Q121: 2021-05-04 8-K ametek8kexhibit9915-4x21.htm
    AME Q221: 2021-08-03 8-K ametek8kexhibit9918-3x21.htm
    AME Q321: 2021-11-02 8-K ametek8kexhibit99111-2x21.htm
    AME Q421: 2022-02-03 8-K ametek8kexhibit9912-3x22.htm
    AME Q122: 2022-05-03 8-K ametek8kexhibit9915-3x22.htm
    AME Q222: 2022-08-02 8-K ametek8kexhibit9918-2x22.htm
    AME Q322: 2022-11-01 8-K ametek8kexhibit99111-1x22.htm
    AME Q422: 2023-02-02 8-K ametek8kexhibit9912-2x23.htm
    AME Q123: 2023-05-02 8-K ametek8kexhibit9915-2x23.htm
    AME Q223: 2023-08-01 8-K ametek8kexhibit9918-1x23.htm
    AME Q323: 2023-10-31 8-K ametek8kexhibit99110-31x23.htm
    AME Q423: 2024-02-06 8-K ametek8kexhibit9912-6x24.htm
    AME Q124: 2024-05-02 8-K ametek8kexhibit9915-2x24.htm
    AME Q224: 2024-08-01 8-K ametek8kexhibit9918-1x24.htm
    AME Q324: 2024-10-31 8-K ametek8kexhibit99110-31x24.htm
    AME Q424: 2025-02-04 8-K ametek8kexhibit9912-4x25.htm
    AME Q125: 2025-05-01 8-K ametek8kexhibit9915125.htm
    AME Q225: 2025-07-31 8-K ametek8kexhibit99173125.htm
    AME Q325: 2025-10-30 8-K ametek8kexhibit991103025.htm
    AME Q425: 2026-02-03 8-K ametek8kexhibit99102032026.htm
    AME Q126: 2026-04-30 8-K ametek8kexhibit99104302026.htm
    AME Q226: 2026-08-04 8-K ametek8kexhibit99108042026.htm
  AME (AMETEK INC/): 26 link(s) written
[6/165]
    AMPX Q322: 2022-11-10 8-K d410129dex991.htm  (no prior-year comparison -- verify)
    AMPX Q422: 2023-03-23 8-K ampx-20230323xexhibit991.htm  (no prior-year comparison -- verify)
    AMPX Q123: 2023-05-10 8-K ampxq12023lettertoshareh.htm
    AMPX Q223: 2023-08-10 8-K ampxq22023lettertoshareh.htm
    AMPX Q323: 2023-11-09 8-K ampxq32023shareholderlet.htm
    AMPX Q423: 2024-03-21 8-K exhibit991ampxq4andfy202.htm  (no prior-year comparison -- verify)
    AMPX Q124: 2024-05-09 8-K ampx-20240509xex991lette.htm  (no prior-year comparison -- verify)
    AMPX Q224: 2024-08-08 8-K ampx-exhibit_991.htm
    AMPX Q324: 2024-11-07 8-K exhibit991q32024letterto.htm
    AMPX Q424: 2025-03-20 8-K ampriustechnologiesq4202.htm
    AMPX Q125: 2025-05-08 8-K ampriustechnologiesq1202.htm
    AMPX Q425: 2026-03-04 8-K ampx-2026x03x04x8kex991.htm
    AMPX Q126: 2026-05-06 8-K ampx-2026x05x06x8kex991.htm
    AMPX Q226: 2026-08-04 8-K ampx-2026x08x04x8kex991.htm
  AMPX (Amprius Technologies, Inc.): 14 link(s) written
[7/165]
  AMSC: fiscal year ends 0331 -- calendarizing by period end date
    AMSC Q320: 2020-12-14 8-K/A ex_216096.htm  (no prior-year comparison -- verify)
    AMSC Q420: 2021-02-26 8-K d123848dex991.htm  (no prior-year comparison -- verify)
    AMSC Q321: 2021-11-08 8-K ex_275481.htm  (no prior-year comparison -- verify)
    AMSC Q421: 2022-02-02 8-K ex_313570.htm  (no prior-year comparison -- verify)
  AMSC (AMERICAN SUPERCONDUCTOR CORP /DE/): 4 link(s) written
[8/165]
  APTL: skipped -- Alaska Power & Telephone -- last EDGAR filing 2005
[9/165]
    ARRY Q320: 2020-11-05 8-K d94064dex991.htm  (no prior-year comparison -- verify)
    ARRY Q420: 2021-03-09 8-K exhibit9912020yepressrelea.htm
    ARRY Q121: 2021-05-11 8-K exhibit9912021q1pressrelea.htm
    ARRY Q221: 2021-08-11 8-K exhibit9912021q2pressrelea.htm
    ARRY Q321: 2021-11-12 8-K exhibit9912021q3pressrelea.htm
    ARRY Q421: 2022-04-05 8-K exhibit9912021yepressrelea.htm
    ARRY Q122: 2022-05-10 8-K exhibit9912022q1pressrelea.htm
    ARRY Q222: 2022-08-09 8-K exhibit9912022q2pressrelea.htm
    ARRY Q322: 2022-11-08 8-K exhibit9912022q3pressrelea.htm
    ARRY Q422: 2023-03-21 8-K exhibit9912022yepressrelea.htm
    ARRY Q123: 2023-05-09 8-K exhibit9912023q1pressrelea.htm
    ARRY Q223: 2023-08-08 8-K exhibit9912023q2pressrelea.htm
    ARRY Q323: 2023-11-07 8-K d903281dex991.htm
    ARRY Q423: 2024-02-27 8-K exhibit9912023yepressrelea.htm
    ARRY Q124: 2024-05-09 8-K exhibit9912024q1pressrelea.htm  (no prior-year comparison -- verify)
    ARRY Q224: 2024-08-08 8-K exhibit9912024q2pressrelea.htm  (no prior-year comparison -- verify)
    ARRY Q324: 2024-11-07 8-K exhibit9912024q3pressrelea.htm  (no prior-year comparison -- verify)
    ARRY Q424: 2025-02-27 8-K exhibit9912024q4pressrelea.htm
    ARRY Q125: 2025-05-06 8-K exhibit9912025q1pressrelea.htm
    ARRY Q225: 2025-08-07 8-K exhibit9912025q2pressrelea.htm  (no prior-year comparison -- verify)
    ARRY Q325: 2025-11-05 8-K exhibit9912025q3pressrelea.htm  (no prior-year comparison -- verify)
    ARRY Q425: 2026-02-25 8-K exhibit9912025q4pressrelea.htm
    ARRY Q126: 2026-05-06 8-K exhibit9912026q1pressrelea.htm  (no prior-year comparison -- verify)
    ARRY Q226: 2026-08-05 8-K exhibit9912026q2pressrelea.htm  (no prior-year comparison -- verify)
  ARRY (Array Technologies, Inc.): 24 link(s) written
[10/165]
  ATKR: fiscal year ends 0930 -- calendarizing by period end date
    ATKR Q120: 2020-05-06 8-K atkrir05062020.htm
    ATKR Q220: 2020-08-04 8-K atkr3q20exhibit991.htm
    ATKR Q320: 2020-11-19 8-K q42020-earningspresentat.htm  (no prior-year comparison -- verify)
    ATKR Q420: 2021-02-02 8-K atkr1q21exhibit991.htm
    ATKR Q121: 2021-04-29 8-K atkr2q21exhibit991.htm
    ATKR Q221: 2021-08-03 8-K atkr3q21exhibit991.htm
    ATKR Q321: 2021-11-18 8-K q42021-earningspresentat.htm  (no prior-year comparison -- verify)
    ATKR Q421: 2022-01-31 8-K atkr1q22exhibit991.htm
    ATKR Q122: 2022-05-03 8-K atkr2q22exhibit991.htm
    ATKR Q222: 2022-08-02 8-K atkr3q22exhibit991.htm
    ATKR Q322: 2022-11-18 8-K q42022earningsdeck-vfina.htm  (no prior-year comparison -- verify)
    ATKR Q422: 2023-02-01 8-K atkr1q23exhibit991.htm
    ATKR Q123: 2023-05-09 8-K atkr2q23exhibit991.htm
    ATKR Q223: 2023-08-08 8-K atkr3q23exhibit991.htm
    ATKR Q323: 2023-11-17 8-K q42023earningsdeck-vf.htm  (no prior-year comparison -- verify)
    ATKR Q423: 2024-02-01 8-K atkr1q24exhibit991.htm
    ATKR Q124: 2024-05-07 8-K atkr2q24exhibit991.htm
    ATKR Q224: 2024-08-06 8-K atkr3q24exhibit991.htm
    ATKR Q324: 2024-11-21 8-K q42024earningsdeck-vf.htm  (no prior-year comparison -- verify)
    ATKR Q424: 2025-02-04 8-K atkr1q25exhibit991.htm
    ATKR Q125: 2025-05-06 8-K atkr2q25exhibit991.htm
    ATKR Q225: 2025-08-05 8-K atkr3q25exhibit991.htm
    ATKR Q325: 2025-11-20 8-K q42025earningsdeck-vfx20.htm  (no prior-year comparison -- verify)
    ATKR Q425: 2026-02-03 8-K atkr1q26exhibit991.htm
    ATKR Q126: 2026-05-05 8-K atkr2q26exhibit991.htm
    ATKR Q226: 2026-08-03 8-K atkr3q26exhibit991.htm
  ATKR (Atkore Inc.): 26 link(s) written
[11/165]
  ATNE: not SEC-registered (no EDGAR ticker)
[12/165]
  AYI: fiscal year ends 0831 -- calendarizing by period end date
    AYI Q120: 2020-04-02 8-K ayi-20200402x8xkex991.htm  (no prior-year comparison -- verify)
    AYI Q220: 2020-10-08 8-K ayi-20201008x8xkex991.htm  (no prior-year comparison -- verify)
    AYI Q420: 2021-01-07 8-K ayi-20210107x8xk_ex991.htm  (no prior-year comparison -- verify)
    AYI Q221: 2021-07-01 8-K ayi-20210701x8xk_ex991.htm  (no prior-year comparison -- verify)
    AYI Q321: 2021-10-06 8-K ayi-20211006x8xk_ex991.htm  (no prior-year comparison -- verify)
    AYI Q421: 2022-01-07 8-K ayi-20220107x8xk_ex991.htm  (no prior-year comparison -- verify)
    AYI Q122: 2022-04-05 8-K ayi-20220405x8xk_ex991.htm  (no prior-year comparison -- verify)
    AYI Q322: 2022-10-04 8-K ayi-20221004x8xk_ex991.htm  (no prior-year comparison -- verify)
    AYI Q422: 2023-01-09 8-K ayi-20230109x8xk_ex991.htm  (no prior-year comparison -- verify)
    AYI Q123: 2023-04-04 8-K ayi-20230404x8xk_ex991.htm  (no prior-year comparison -- verify)
    AYI Q323: 2023-10-04 8-K ayi-20231004x8xk_ex991.htm  (no prior-year comparison -- verify)
    AYI Q423: 2024-01-09 8-K ayi-20240109x8xk_ex991.htm  (no prior-year comparison -- verify)
    AYI Q124: 2024-04-03 8-K ayi-20240403x8xk_ex991.htm  (no prior-year comparison -- verify)
    AYI Q324: 2024-10-01 8-K ayi-20241001x8xk_ex991.htm  (no prior-year comparison -- verify)
    AYI Q424: 2025-01-08 8-K ayi-20250108x8xk_ex991.htm  (no prior-year comparison -- verify)
    AYI Q125: 2025-04-03 8-K ayi-20250403x8xk_ex991.htm  (no prior-year comparison -- verify)
    AYI Q325: 2025-10-01 8-K ayi-20251001x8xk_ex991.htm  (no prior-year comparison -- verify)
    AYI Q425: 2026-01-08 8-K ayi-20260108x8xk_ex991.htm  (no prior-year comparison -- verify)
    AYI Q126: 2026-04-02 8-K ayi-20260402x8xk_ex991.htm  (no prior-year comparison -- verify)
  AYI (ACUITY INC. (DE)): 19 link(s) written
[13/165]
    BE Q119: 2019-05-09 8-K pressreleasedatedasofmay.htm  (no prior-year comparison -- verify)
    BE Q219: 2019-08-12 8-K bloomenergyq219sharehold.htm  (no prior-year comparison -- verify)
    BE Q120: 2020-05-11 8-K ex991bloomenergyq120shar.htm  (no prior-year comparison -- verify)
    BE Q220: 2020-07-09 8-K bloompressreleasedated.htm
    BE Q121: 2021-05-05 8-K ex991be1q21financialresults.htm
    BE Q221: 2021-08-04 8-K ex991be2q21financialresults.htm
    BE Q122: 2022-05-05 8-K ex991_1q2022financialresul.htm  (no prior-year comparison -- verify)
    BE Q222: 2022-08-09 8-K ex991_q22022financialresul.htm
    BE Q123: 2023-05-09 8-K ex991_q12023financialresul.htm
    BE Q223: 2023-08-03 8-K ex991_q22023financialresul.htm
    BE Q323: 2023-11-08 8-K ex991_q32023financialresul.htm
    BE Q423: 2024-02-15 8-K ex991_q42023financialresul.htm
    BE Q124: 2024-05-09 8-K ex991_q12024financialresul.htm
    BE Q224: 2024-08-08 8-K ex991_q22024financialresul.htm
    BE Q325: 2025-10-28 8-K ex991_q32025financialresul.htm
  BE (Bloom Energy Corp): 15 link(s) written
[14/165]
    BEEM Q120: 2020-05-14 8-K envision_ex9901.htm
    BEEM Q220: 2020-08-13 8-K envision_8k-ex9901.htm
    BEEM Q320: 2020-11-12 8-K beam_ex9901.htm
    BEEM Q420: 2021-03-30 8-K beamglobal_8k-ex9901.htm
    BEEM Q121: 2021-05-24 8-K beam_8k-ex9901.htm
    BEEM Q221: 2021-08-12 8-K beam_ex9901.htm  (no prior-year comparison -- verify)
    BEEM Q321: 2021-11-12 8-K beam_ex9901.htm
    BEEM Q421: 2022-03-30 8-K beam_ex9901.htm
    BEEM Q122: 2022-05-25 8-K beam_ex9901.htm
    BEEM Q222: 2022-08-12 8-K beam_ex9901.htm
    BEEM Q322: 2022-11-10 8-K beam_ex9901.htm
    BEEM Q422: 2023-03-29 8-K beam_ex9901.htm  (no prior-year comparison -- verify)
    BEEM Q123: 2023-05-15 8-K beam_ex9901.htm
    BEEM Q223: 2023-08-14 8-K beam_ex9901.htm
    BEEM Q323: 2023-11-14 8-K beam_ex9901.htm
    BEEM Q423: 2024-04-17 8-K beam_ex9901.htm  (no prior-year comparison -- verify)
    BEEM Q124: 2024-05-21 8-K beam_ex9901.htm
    BEEM Q224: 2024-08-13 8-K beam_ex9901.htm  (no prior-year comparison -- verify)
    BEEM Q324: 2024-11-15 8-K beam_ex9901.htm
    BEEM Q424: 2025-04-11 8-K beam_ex9901.htm
    BEEM Q125: 2025-05-15 8-K beam_ex9901.htm
    BEEM Q225: 2025-08-14 8-K beam_ex9901.htm
    BEEM Q325: 2025-11-14 8-K ex_862554.htm
    BEEM Q425: 2026-04-09 8-K ex_943872.htm  (no prior-year comparison -- verify)
    BEEM Q126: 2026-05-15 8-K ex_963913.htm
    BEEM Q226: 2026-08-19 8-K ex_1007197.htm
  BEEM (Beam Global): 26 link(s) written
[15/165]
  BEP.UN: not SEC-registered (no EDGAR ticker)
[16/165]
  BES: not SEC-registered (no EDGAR ticker)
[17/165]
    BLDP Q120: 2020-05-06 6-K ex991.htm
    BLDP Q220: 2020-08-06 6-K ex991.htm
    BLDP Q320: 2020-11-06 6-K ex991.htm
    BLDP Q420: 2021-03-11 6-K ex991.htm
    BLDP Q121: 2021-05-04 6-K ex991.htm
    BLDP Q221: 2021-08-09 6-K ex991.htm
    BLDP Q321: 2021-11-09 6-K bldp093021-ex992mda.htm
    BLDP Q421: 2022-03-14 6-K ex991.htm
    BLDP Q122: 2022-05-09 6-K ex991.htm
    BLDP Q222: 2022-08-10 6-K ex991.htm
    BLDP Q322: 2022-11-07 6-K ex991.htm
    BLDP Q422: 2023-03-20 6-K ex991.htm
    BLDP Q123: 2023-05-10 6-K ex991.htm
    BLDP Q223: 2023-08-09 6-K ex991.htm
    BLDP Q323: 2023-11-09 6-K ex991.htm
    BLDP Q423: 2024-03-11 6-K ex991.htm
    BLDP Q124: 2024-05-07 6-K ex991.htm
    BLDP Q224: 2024-08-13 6-K ex991.htm
    BLDP Q324: 2024-11-05 6-K ex991.htm
    BLDP Q424: 2025-03-13 6-K ex991.htm
    BLDP Q125: 2025-05-06 6-K ex991.htm
    BLDP Q225: 2025-08-11 6-K ex991.htm
    BLDP Q325: 2025-11-13 6-K ex991.htm
    BLDP Q425: 2026-03-12 6-K ex991.htm
    BLDP Q126: 2026-05-05 6-K ex991.htm
    BLDP Q226: 2026-07-31 6-K ex991.htm
  BLDP (Ballard Power Systems Inc.): 26 link(s) written
[18/165]
    BLNK Q120: 2020-05-13 8-K ex99-1.htm
    BLNK Q220: 2020-08-13 8-K ex99-1.htm
    BLNK Q320: 2020-11-12 8-K ex99-1.htm
    BLNK Q420: 2021-03-25 8-K ex99-1.htm
    BLNK Q121: 2021-05-13 8-K ex99-1.htm
    BLNK Q221: 2021-08-11 8-K ex99-1.htm
    BLNK Q321: 2021-11-12 8-K ex99-1.htm
    BLNK Q421: 2022-03-10 8-K ex99-1.htm
    BLNK Q122: 2022-05-09 8-K ex99-1.htm
    BLNK Q222: 2022-08-08 8-K ex99-1.htm
    BLNK Q322: 2022-11-08 8-K ex99-1.htm
    BLNK Q422: 2023-02-28 8-K ex99-1.htm
    BLNK Q123: 2023-05-09 8-K ex99-1.htm
    BLNK Q223: 2023-08-08 8-K ex99-1.htm
    BLNK Q323: 2023-11-13 8-K ex99-1.htm
    BLNK Q423: 2024-03-14 8-K ex99-1.htm
    BLNK Q124: 2024-05-09 8-K ex99-1.htm
    BLNK Q224: 2024-08-07 8-K ex99-1.htm
    BLNK Q324: 2024-11-07 8-K ex99-1.htm
    BLNK Q424: 2025-03-13 8-K ex99-1.htm
    BLNK Q125: 2025-05-12 8-K ex99-1.htm
    BLNK Q225: 2025-08-18 8-K ex99-1.htm
    BLNK Q325: 2025-11-06 8-K ex99-1.htm
    BLNK Q425: 2026-03-26 8-K ex99-1.htm
    BLNK Q126: 2026-05-11 8-K ex99-1.htm
    BLNK Q226: 2026-08-06 8-K ex99-1.htm
  BLNK (Blink Charging Co.): 26 link(s) written
[19/165]
  BLSP: not SEC-registered (no EDGAR ticker)
[20/165]
    BW Q120: 2020-05-15 8-K ex991-q12020earningscalltr.htm
    BW Q220: 2020-08-13 8-K q22020earningsrelease.htm
    BW Q320: 2020-11-12 8-K q32020earningsrelease.htm
    BW Q420: 2021-03-09 8-K q42020earningsrelease.htm
    BW Q121: 2021-05-13 8-K q12021earningsrelease.htm
    BW Q221: 2021-08-12 8-K q22021earningsrelease.htm
    BW Q321: 2021-11-10 8-K q32021earningsrelease.htm
    BW Q421: 2022-03-08 8-K q42021earningsrelease.htm
    BW Q122: 2022-05-09 8-K q12022earningsrelease.htm
    BW Q222: 2022-08-08 8-K q22022earningsrelease.htm
    BW Q322: 2022-11-08 8-K q32022earningsrelease.htm
    BW Q422: 2023-03-15 8-K tm239622d1_ex99-1.htm
    BW Q123: 2023-05-10 8-K tm2315174d1_ex99-1.htm
    BW Q223: 2023-08-08 8-K tm2323125d1_ex99-1.htm
    BW Q323: 2023-11-09 8-K a2023q3earningsrelease.htm
    BW Q423: 2024-03-14 8-K a2023q4earningsrelease.htm
    BW Q124: 2024-05-09 8-K a2024q1earningsrelease.htm
    BW Q224: 2024-08-08 8-K f-2024q2earningsrelease.htm
    BW Q324: 2024-11-12 8-K f-2024q3earningsrelease.htm
    BW Q424: 2025-03-31 8-K e-rolling2024q4earningsrel.htm
    BW Q125: 2025-05-12 8-K e-2025q1earningsrelease.htm
    BW Q225: 2025-08-11 8-K e-2025q2earningsrelease.htm
    BW Q325: 2025-11-04 8-K tm2530246d1_ex99-1.htm
    BW Q425: 2026-03-04 8-K tm267910d1_ex99-1.htm
    BW Q126: 2026-05-11 8-K e-2026q1earningsrelease.htm
    BW Q226: 2026-08-10 8-K e-2026q2earningsrelease.htm
  BW (Babcock & Wilcox Enterprises, Inc.): 26 link(s) written
[21/165]
    BWEN Q120: 2020-05-08 8-K exh_991.htm
    BWEN Q220: 2020-08-05 8-K exh_991.htm
    BWEN Q320: 2020-11-04 8-K exh_991.htm
    BWEN Q420: 2021-02-25 8-K exh_991.htm
    BWEN Q121: 2021-05-07 8-K exh_991.htm
    BWEN Q221: 2021-08-06 8-K exh_991.htm
    BWEN Q321: 2021-11-10 8-K exh_991.htm
    BWEN Q421: 2022-03-02 8-K exh_991.htm
    BWEN Q122: 2022-05-06 8-K exh_991.htm
    BWEN Q222: 2022-08-09 8-K exh_991.htm
    BWEN Q322: 2022-11-08 8-K exh_991.htm
    BWEN Q422: 2023-03-09 8-K exh_991.htm
    BWEN Q123: 2023-05-11 8-K exh_991.htm
    BWEN Q223: 2023-08-14 8-K exh_991.htm
    BWEN Q323: 2023-11-13 8-K exh_991.htm
    BWEN Q423: 2024-03-05 8-K exh_991.htm
    BWEN Q124: 2024-05-14 8-K exh_991.htm  (no prior-year comparison -- verify)
    BWEN Q224: 2024-08-13 8-K exh_991.htm  (no prior-year comparison -- verify)
    BWEN Q324: 2024-11-13 8-K exh_991.htm  (no prior-year comparison -- verify)
    BWEN Q424: 2025-03-05 8-K exh_991.htm
    BWEN Q125: 2025-05-13 8-K exh_991.htm
    BWEN Q225: 2025-08-12 8-K exh_991.htm
    BWEN Q325: 2025-11-13 8-K exh_991.htm
    BWEN Q425: 2026-03-11 8-K exh_991.htm
    BWEN Q126: 2026-05-12 8-K exh_991.htm
    BWEN Q226: 2026-08-11 8-K exh_991.htm
  BWEN (BROADWIND, INC.): 26 link(s) written
[22/165]
  CBLU: not SEC-registered (no EDGAR ticker)
[23/165]
    CEG Q321: LOOKUP ERROR (not recorded as absent)
    CEG Q421: LOOKUP ERROR (not recorded as absent)
  CEG (Constellation Energy Corp): 0 link(s) written, 2 lookup error(s)
[24/165]
    CEIN Q220: 2020-08-13 8-K ex99-1.htm  (no prior-year comparison -- verify)
    CEIN Q320: 2020-12-01 8-K ex99-1.htm  (no prior-year comparison -- verify)
    CEIN Q423: 2024-04-05 8-K cei_ex991.htm  (no prior-year comparison -- verify)
  CEIN (CAMBER ENERGY, INC.): 3 link(s) written
[25/165]
